// Jest Snapshot v1, https://goo.gl/fbAQLP

exports[`Should render ExpenselistItem  1`] = `
<div>
  <Link
    to="/edit/2"
  >
    <h3>
      Rent
    </h3>
  </Link>
  <p>
    109500
     - 
    -345600000
  </p>
  <button
    onClick={[Function]}
  >
    Remove
  </button>
</div>
`;
